[0.020s] Invoking command in '/home/zj/cx/LearnRos2/ros2_ws/src/build/tutorial_interfaces2': /usr/bin/cmake /home/zj/cx/LearnRos2/ros2_ws/src/tutorial_interfaces2 -DCMAKE_INSTALL_PREFIX=/home/zj/cx/LearnRos2/ros2_ws/src/install/tutorial_interfaces2
[0.118s] -- The C compiler identification is GNU 9.4.0
[0.207s] -- The CXX compiler identification is GNU 9.4.0
[0.215s] -- Check for working C compiler: /usr/bin/cc
[0.355s] -- Check for working C compiler: /usr/bin/cc -- works
[0.357s] -- Detecting C compiler ABI info
[0.485s] -- Detecting C compiler ABI info - done
[0.519s] -- Detecting C compile features
[0.520s] -- Detecting C compile features - done
[0.522s] -- Check for working CXX compiler: /usr/bin/c++
[0.662s] -- Check for working CXX compiler: /usr/bin/c++ -- works
[0.664s] -- Detecting CXX compiler ABI info
[0.823s] -- Detecting CXX compiler ABI info - done
[0.849s] -- Detecting CXX compile features
[0.850s] -- Detecting CXX compile features - done
[0.861s] -- Found ament_cmake: 1.2.1 (/opt/ros/rolling/share/ament_cmake/cmake)
[1.016s] -- Found Python3: /usr/bin/python3.8 (found version "3.8.10") found components: Interpreter 
[1.086s] -- Found ament_lint_auto: 0.11.4 (/opt/ros/rolling/share/ament_lint_auto/cmake)
[1.139s] Error parsing '/home/zj/cx/LearnRos2/ros2_ws/src/tutorial_interfaces2/package.xml':
[1.226s] Traceback (most recent call last):
[1.227s]   File "/usr/lib/python3/dist-packages/catkin_pkg/package.py", line 610, in parse_package_string
[1.227s]     root = dom.parseString(data)
[1.227s]   File "/usr/lib/python3.8/xml/dom/minidom.py", line 1969, in parseString
[1.227s]     return expatbuilder.parseString(string)
[1.227s]   File "/usr/lib/python3.8/xml/dom/expatbuilder.py", line 925, in parseString
[1.227s]     return builder.parseString(string)
[1.228s]   File "/usr/lib/python3.8/xml/dom/expatbuilder.py", line 223, in parseString
[1.228s]     parser.Parse(string, True)
[1.228s] xml.parsers.expat.ExpatError: junk after document element: line 20, column 0
[1.228s] 
[1.228s] During handling of the above exception, another exception occurred:
[1.228s] 
[1.229s] Traceback (most recent call last):
[1.229s]   File "/opt/ros/rolling/share/ament_cmake_core/cmake/core/package_xml_2_cmake.py", line 150, in <module>
[1.229s]     main()
[1.229s]   File "/opt/ros/rolling/share/ament_cmake_core/cmake/core/package_xml_2_cmake.py", line 53, in main
[1.229s]     raise e
[1.230s]   File "/opt/ros/rolling/share/ament_cmake_core/cmake/core/package_xml_2_cmake.py", line 49, in main
[1.230s]     package = parse_package_string(
[1.230s]   File "/usr/lib/python3/dist-packages/catkin_pkg/package.py", line 612, in parse_package_string
[1.230s]     raise InvalidPackage('The manifest contains invalid XML:\n%s' % ex, filename)
[1.230s] catkin_pkg.package.InvalidPackage: Error(s) in package '/home/zj/cx/LearnRos2/ros2_ws/src/tutorial_interfaces2/package.xml':
[1.230s] The manifest contains invalid XML:
[1.230s] junk after document element: line 20, column 0
[1.244s] CMake Error at /opt/ros/rolling/share/ament_cmake_core/cmake/core/ament_package_xml.cmake:95 (message):
[1.245s]   execute_process(/usr/bin/python3.8
[1.245s]   /opt/ros/rolling/share/ament_cmake_core/cmake/core/package_xml_2_cmake.py
[1.245s]   /home/zj/cx/LearnRos2/ros2_ws/src/tutorial_interfaces2/package.xml
[1.245s]   /home/zj/cx/LearnRos2/ros2_ws/src/build/tutorial_interfaces2/ament_cmake_core/package.cmake)
[1.245s]   returned error code 1
[1.245s] Call Stack (most recent call first):
[1.245s]   /opt/ros/rolling/share/ament_cmake_core/cmake/core/ament_package_xml.cmake:49 (_ament_package_xml)
[1.245s]   /opt/ros/rolling/share/ament_lint_auto/cmake/ament_lint_auto_find_test_dependencies.cmake:31 (ament_package_xml)
[1.246s]   CMakeLists.txt:23 (ament_lint_auto_find_test_dependencies)
[1.246s] 
[1.246s] 
[1.246s] -- Configuring incomplete, errors occurred!
[1.246s] See also "/home/zj/cx/LearnRos2/ros2_ws/src/build/tutorial_interfaces2/CMakeFiles/CMakeOutput.log".
[1.254s] Invoked command in '/home/zj/cx/LearnRos2/ros2_ws/src/build/tutorial_interfaces2' returned '1': /usr/bin/cmake /home/zj/cx/LearnRos2/ros2_ws/src/tutorial_interfaces2 -DCMAKE_INSTALL_PREFIX=/home/zj/cx/LearnRos2/ros2_ws/src/install/tutorial_interfaces2
